[
    {
        "func_name": "test_basic",
        "original": "def test_basic():\n    t = BoostBuild.Tester(pass_toolset=0)\n    t.write('file.jam', '    actions fail\\n    {\\n        invalid-dd0eeb5899734622\\n    }\\n\\n    FAIL_EXPECTED t1 ;\\n    fail t1 ;\\n\\n    UPDATE t1 ;\\n    ')\n    t.run_build_system(['-ffile.jam'])\n    t.expect_output_lines('...failed*', False)\n    t.expect_nothing_more()\n    t.cleanup()",
        "mutated": [
            "def test_basic():\n    if False:\n        i = 10\n    t = BoostBuild.Tester(pass_toolset=0)\n    t.write('file.jam', '    actions fail\\n    {\\n        invalid-dd0eeb5899734622\\n    }\\n\\n    FAIL_EXPECTED t1 ;\\n    fail t1 ;\\n\\n    UPDATE t1 ;\\n    ')\n    t.run_build_system(['-ffile.jam'])\n    t.expect_output_lines('...failed*', False)\n    t.expect_nothing_more()\n    t.cleanup()",
            "def test_basic():\n    if False:\n        i = 10\n        while True:\n            print('Mutation')\n    t = BoostBuild.Tester(pass_toolset=0)\n    t.write('file.jam', '    actions fail\\n    {\\n        invalid-dd0eeb5899734622\\n    }\\n\\n    FAIL_EXPECTED t1 ;\\n    fail t1 ;\\n\\n    UPDATE t1 ;\\n    ')\n    t.run_build_system(['-ffile.jam'])\n    t.expect_output_lines('...failed*', False)\n    t.expect_nothing_more()\n    t.cleanup()",
            "def test_basic():\n    if False:\n        i = 10\n        while True:\n            print('Mutation')\n        n = 10\n        dp = [0, 1]\n        for i in range(2, n + 1):\n            dp.append(dp[i - 1] + dp[i - 2])\n        print(dp[n])\n    t = BoostBuild.Tester(pass_toolset=0)\n    t.write('file.jam', '    actions fail\\n    {\\n        invalid-dd0eeb5899734622\\n    }\\n\\n    FAIL_EXPECTED t1 ;\\n    fail t1 ;\\n\\n    UPDATE t1 ;\\n    ')\n    t.run_build_system(['-ffile.jam'])\n    t.expect_output_lines('...failed*', False)\n    t.expect_nothing_more()\n    t.cleanup()",
            "def test_basic():\n    if False:\n        i = 10\n        while True:\n            print('Mutation')\n        n = 10\n        dp = [0, 1]\n        for i in range(2, n + 1):\n            dp.append(dp[i - 1] + dp[i - 2])\n        print(dp[n])\n\n        def dfs(node):\n            if node == None:\n                return []\n            left = dfs(node.left)\n            right = dfs(node.right)\n    t = BoostBuild.Tester(pass_toolset=0)\n    t.write('file.jam', '    actions fail\\n    {\\n        invalid-dd0eeb5899734622\\n    }\\n\\n    FAIL_EXPECTED t1 ;\\n    fail t1 ;\\n\\n    UPDATE t1 ;\\n    ')\n    t.run_build_system(['-ffile.jam'])\n    t.expect_output_lines('...failed*', False)\n    t.expect_nothing_more()\n    t.cleanup()",
            "def test_basic():\n    if False:\n        i = 10\n        while True:\n            print('Mutation')\n        dp = [0, 1]\n        for i in range(2, n + 1):\n            dp.append(dp[i - 1] + dp[i - 2])\n        print(dp[n])\n\n        def dfs(node):\n            if node == None:\n                return []\n            left = dfs(node.left)\n            right = dfs(node.right)\n        length = 15\n        if length <= 0:\n            return []\n        elif length == 1:\n            return [0]\n        sequence = [0, 1]\n        while len(sequence) < length:\n            next_value = sequence[-1] + sequence[-2]\n            sequence.append(next_value)\n        return sequence\n    t = BoostBuild.Tester(pass_toolset=0)\n    t.write('file.jam', '    actions fail\\n    {\\n        invalid-dd0eeb5899734622\\n    }\\n\\n    FAIL_EXPECTED t1 ;\\n    fail t1 ;\\n\\n    UPDATE t1 ;\\n    ')\n    t.run_build_system(['-ffile.jam'])\n    t.expect_output_lines('...failed*', False)\n    t.expect_nothing_more()\n    t.cleanup()"
        ]
    },
    {
        "func_name": "test_error",
        "original": "def test_error():\n    t = BoostBuild.Tester(pass_toolset=0)\n    t.write('file.jam', '    actions pass\\n    {\\n        echo okay >$(<)\\n    }\\n\\n    FAIL_EXPECTED t1 ;\\n    pass t1 ;\\n\\n    UPDATE t1 ;\\n    ')\n    t.run_build_system(['-ffile.jam'], status=1)\n    t.expect_output_lines('...failed pass t1...')\n    t.expect_nothing_more()\n    t.cleanup()",
        "mutated": [
            "def test_error():\n    if False:\n        i = 10\n    t = BoostBuild.Tester(pass_toolset=0)\n    t.write('file.jam', '    actions pass\\n    {\\n        echo okay >$(<)\\n    }\\n\\n    FAIL_EXPECTED t1 ;\\n    pass t1 ;\\n\\n    UPDATE t1 ;\\n    ')\n    t.run_build_system(['-ffile.jam'], status=1)\n    t.expect_output_lines('...failed pass t1...')\n    t.expect_nothing_more()\n    t.cleanup()",
            "def test_error():\n    if False:\n        i = 10\n        while True:\n            print('Mutation')\n    t = BoostBuild.Tester(pass_toolset=0)\n    t.write('file.jam', '    actions pass\\n    {\\n        echo okay >$(<)\\n    }\\n\\n    FAIL_EXPECTED t1 ;\\n    pass t1 ;\\n\\n    UPDATE t1 ;\\n    ')\n    t.run_build_system(['-ffile.jam'], status=1)\n    t.expect_output_lines('...failed pass t1...')\n    t.expect_nothing_more()\n    t.cleanup()",
            "def test_error():\n    if False:\n        i = 10\n        while True:\n            print('Mutation')\n        n = 10\n        dp = [0, 1]\n        for i in range(2, n + 1):\n            dp.append(dp[i - 1] + dp[i - 2])\n        print(dp[n])\n    t = BoostBuild.Tester(pass_toolset=0)\n    t.write('file.jam', '    actions pass\\n    {\\n        echo okay >$(<)\\n    }\\n\\n    FAIL_EXPECTED t1 ;\\n    pass t1 ;\\n\\n    UPDATE t1 ;\\n    ')\n    t.run_build_system(['-ffile.jam'], status=1)\n    t.expect_output_lines('...failed pass t1...')\n    t.expect_nothing_more()\n    t.cleanup()",
            "def test_error():\n    if False:\n        i = 10\n        while True:\n            print('Mutation')\n        n = 10\n        dp = [0, 1]\n        for i in range(2, n + 1):\n            dp.append(dp[i - 1] + dp[i - 2])\n        print(dp[n])\n\n        def dfs(node):\n            if node == None:\n                return []\n            left = dfs(node.left)\n            right = dfs(node.right)\n    t = BoostBuild.Tester(pass_toolset=0)\n    t.write('file.jam', '    actions pass\\n    {\\n        echo okay >$(<)\\n    }\\n\\n    FAIL_EXPECTED t1 ;\\n    pass t1 ;\\n\\n    UPDATE t1 ;\\n    ')\n    t.run_build_system(['-ffile.jam'], status=1)\n    t.expect_output_lines('...failed pass t1...')\n    t.expect_nothing_more()\n    t.cleanup()",
            "def test_error():\n    if False:\n        i = 10\n        while True:\n            print('Mutation')\n        dp = [0, 1]\n        for i in range(2, n + 1):\n            dp.append(dp[i - 1] + dp[i - 2])\n        print(dp[n])\n\n        def dfs(node):\n            if node == None:\n                return []\n            left = dfs(node.left)\n            right = dfs(node.right)\n        length = 15\n        if length <= 0:\n            return []\n        elif length == 1:\n            return [0]\n        sequence = [0, 1]\n        while len(sequence) < length:\n            next_value = sequence[-1] + sequence[-2]\n            sequence.append(next_value)\n        return sequence\n    t = BoostBuild.Tester(pass_toolset=0)\n    t.write('file.jam', '    actions pass\\n    {\\n        echo okay >$(<)\\n    }\\n\\n    FAIL_EXPECTED t1 ;\\n    pass t1 ;\\n\\n    UPDATE t1 ;\\n    ')\n    t.run_build_system(['-ffile.jam'], status=1)\n    t.expect_output_lines('...failed pass t1...')\n    t.expect_nothing_more()\n    t.cleanup()"
        ]
    },
    {
        "func_name": "test_multiple_actions",
        "original": "def test_multiple_actions():\n    \"\"\"FAIL_EXPECTED targets are considered to pass if the first\n    updating action fails.  Further actions will be skipped.\"\"\"\n    t = BoostBuild.Tester(pass_toolset=0)\n    t.write('file.jam', '    actions fail\\n    {\\n        invalid-dd0eeb5899734622\\n    }\\n\\n    actions pass\\n    {\\n         echo okay >$(<)\\n    }\\n\\n    FAIL_EXPECTED t1 ;\\n    fail t1 ;\\n    pass t1 ;\\n\\n    UPDATE t1 ;\\n    ')\n    t.run_build_system(['-ffile.jam', '-d1'])\n    t.expect_output_lines('...failed*', False)\n    t.expect_output_lines('pass t1', False)\n    t.expect_nothing_more()\n    t.cleanup()",
        "mutated": [
            "def test_multiple_actions():\n    if False:\n        i = 10\n    'FAIL_EXPECTED targets are considered to pass if the first\\n    updating action fails.  Further actions will be skipped.'\n    t = BoostBuild.Tester(pass_toolset=0)\n    t.write('file.jam', '    actions fail\\n    {\\n        invalid-dd0eeb5899734622\\n    }\\n\\n    actions pass\\n    {\\n         echo okay >$(<)\\n    }\\n\\n    FAIL_EXPECTED t1 ;\\n    fail t1 ;\\n    pass t1 ;\\n\\n    UPDATE t1 ;\\n    ')\n    t.run_build_system(['-ffile.jam', '-d1'])\n    t.expect_output_lines('...failed*', False)\n    t.expect_output_lines('pass t1', False)\n    t.expect_nothing_more()\n    t.cleanup()",
            "def test_multiple_actions():\n    if False:\n        i = 10\n        while True:\n            print('Mutation')\n    'FAIL_EXPECTED targets are considered to pass if the first\\n    updating action fails.  Further actions will be skipped.'\n    t = BoostBuild.Tester(pass_toolset=0)\n    t.write('file.jam', '    actions fail\\n    {\\n        invalid-dd0eeb5899734622\\n    }\\n\\n    actions pass\\n    {\\n         echo okay >$(<)\\n    }\\n\\n    FAIL_EXPECTED t1 ;\\n    fail t1 ;\\n    pass t1 ;\\n\\n    UPDATE t1 ;\\n    ')\n    t.run_build_system(['-ffile.jam', '-d1'])\n    t.expect_output_lines('...failed*', False)\n    t.expect_output_lines('pass t1', False)\n    t.expect_nothing_more()\n    t.cleanup()",
            "def test_multiple_actions():\n    if False:\n        i = 10\n        while True:\n            print('Mutation')\n        n = 10\n        dp = [0, 1]\n        for i in range(2, n + 1):\n            dp.append(dp[i - 1] + dp[i - 2])\n        print(dp[n])\n    'FAIL_EXPECTED targets are considered to pass if the first\\n    updating action fails.  Further actions will be skipped.'\n    t = BoostBuild.Tester(pass_toolset=0)\n    t.write('file.jam', '    actions fail\\n    {\\n        invalid-dd0eeb5899734622\\n    }\\n\\n    actions pass\\n    {\\n         echo okay >$(<)\\n    }\\n\\n    FAIL_EXPECTED t1 ;\\n    fail t1 ;\\n    pass t1 ;\\n\\n    UPDATE t1 ;\\n    ')\n    t.run_build_system(['-ffile.jam', '-d1'])\n    t.expect_output_lines('...failed*', False)\n    t.expect_output_lines('pass t1', False)\n    t.expect_nothing_more()\n    t.cleanup()",
            "def test_multiple_actions():\n    if False:\n        i = 10\n        while True:\n            print('Mutation')\n        n = 10\n        dp = [0, 1]\n        for i in range(2, n + 1):\n            dp.append(dp[i - 1] + dp[i - 2])\n        print(dp[n])\n\n        def dfs(node):\n            if node == None:\n                return []\n            left = dfs(node.left)\n            right = dfs(node.right)\n    'FAIL_EXPECTED targets are considered to pass if the first\\n    updating action fails.  Further actions will be skipped.'\n    t = BoostBuild.Tester(pass_toolset=0)\n    t.write('file.jam', '    actions fail\\n    {\\n        invalid-dd0eeb5899734622\\n    }\\n\\n    actions pass\\n    {\\n         echo okay >$(<)\\n    }\\n\\n    FAIL_EXPECTED t1 ;\\n    fail t1 ;\\n    pass t1 ;\\n\\n    UPDATE t1 ;\\n    ')\n    t.run_build_system(['-ffile.jam', '-d1'])\n    t.expect_output_lines('...failed*', False)\n    t.expect_output_lines('pass t1', False)\n    t.expect_nothing_more()\n    t.cleanup()",
            "def test_multiple_actions():\n    if False:\n        i = 10\n        while True:\n            print('Mutation')\n        dp = [0, 1]\n        for i in range(2, n + 1):\n            dp.append(dp[i - 1] + dp[i - 2])\n        print(dp[n])\n\n        def dfs(node):\n            if node == None:\n                return []\n            left = dfs(node.left)\n            right = dfs(node.right)\n        length = 15\n        if length <= 0:\n            return []\n        elif length == 1:\n            return [0]\n        sequence = [0, 1]\n        while len(sequence) < length:\n            next_value = sequence[-1] + sequence[-2]\n            sequence.append(next_value)\n        return sequence\n    'FAIL_EXPECTED targets are considered to pass if the first\\n    updating action fails.  Further actions will be skipped.'\n    t = BoostBuild.Tester(pass_toolset=0)\n    t.write('file.jam', '    actions fail\\n    {\\n        invalid-dd0eeb5899734622\\n    }\\n\\n    actions pass\\n    {\\n         echo okay >$(<)\\n    }\\n\\n    FAIL_EXPECTED t1 ;\\n    fail t1 ;\\n    pass t1 ;\\n\\n    UPDATE t1 ;\\n    ')\n    t.run_build_system(['-ffile.jam', '-d1'])\n    t.expect_output_lines('...failed*', False)\n    t.expect_output_lines('pass t1', False)\n    t.expect_nothing_more()\n    t.cleanup()"
        ]
    },
    {
        "func_name": "test_quitquick",
        "original": "def test_quitquick():\n    \"\"\"Tests that FAIL_EXPECTED targets do not cause early exit\n    on failure.\"\"\"\n    t = BoostBuild.Tester(pass_toolset=0)\n    t.write('file.jam', '    actions fail\\n    {\\n        invalid-dd0eeb5899734622\\n    }\\n\\n    actions pass\\n    {\\n        echo okay >$(<)\\n    }\\n\\n    FAIL_EXPECTED t1 ;\\n    fail t1 ;\\n\\n    pass t2 ;\\n\\n    UPDATE t1 t2 ;\\n    ')\n    t.run_build_system(['-ffile.jam', '-q', '-d1'])\n    t.expect_output_lines('pass t2')\n    t.expect_addition('t2')\n    t.expect_nothing_more()\n    t.cleanup()",
        "mutated": [
            "def test_quitquick():\n    if False:\n        i = 10\n    'Tests that FAIL_EXPECTED targets do not cause early exit\\n    on failure.'\n    t = BoostBuild.Tester(pass_toolset=0)\n    t.write('file.jam', '    actions fail\\n    {\\n        invalid-dd0eeb5899734622\\n    }\\n\\n    actions pass\\n    {\\n        echo okay >$(<)\\n    }\\n\\n    FAIL_EXPECTED t1 ;\\n    fail t1 ;\\n\\n    pass t2 ;\\n\\n    UPDATE t1 t2 ;\\n    ')\n    t.run_build_system(['-ffile.jam', '-q', '-d1'])\n    t.expect_output_lines('pass t2')\n    t.expect_addition('t2')\n    t.expect_nothing_more()\n    t.cleanup()",
            "def test_quitquick():\n    if False:\n        i = 10\n        while True:\n            print('Mutation')\n    'Tests that FAIL_EXPECTED targets do not cause early exit\\n    on failure.'\n    t = BoostBuild.Tester(pass_toolset=0)\n    t.write('file.jam', '    actions fail\\n    {\\n        invalid-dd0eeb5899734622\\n    }\\n\\n    actions pass\\n    {\\n        echo okay >$(<)\\n    }\\n\\n    FAIL_EXPECTED t1 ;\\n    fail t1 ;\\n\\n    pass t2 ;\\n\\n    UPDATE t1 t2 ;\\n    ')\n    t.run_build_system(['-ffile.jam', '-q', '-d1'])\n    t.expect_output_lines('pass t2')\n    t.expect_addition('t2')\n    t.expect_nothing_more()\n    t.cleanup()",
            "def test_quitquick():\n    if False:\n        i = 10\n        while True:\n            print('Mutation')\n        n = 10\n        dp = [0, 1]\n        for i in range(2, n + 1):\n            dp.append(dp[i - 1] + dp[i - 2])\n        print(dp[n])\n    'Tests that FAIL_EXPECTED targets do not cause early exit\\n    on failure.'\n    t = BoostBuild.Tester(pass_toolset=0)\n    t.write('file.jam', '    actions fail\\n    {\\n        invalid-dd0eeb5899734622\\n    }\\n\\n    actions pass\\n    {\\n        echo okay >$(<)\\n    }\\n\\n    FAIL_EXPECTED t1 ;\\n    fail t1 ;\\n\\n    pass t2 ;\\n\\n    UPDATE t1 t2 ;\\n    ')\n    t.run_build_system(['-ffile.jam', '-q', '-d1'])\n    t.expect_output_lines('pass t2')\n    t.expect_addition('t2')\n    t.expect_nothing_more()\n    t.cleanup()",
            "def test_quitquick():\n    if False:\n        i = 10\n        while True:\n            print('Mutation')\n        n = 10\n        dp = [0, 1]\n        for i in range(2, n + 1):\n            dp.append(dp[i - 1] + dp[i - 2])\n        print(dp[n])\n\n        def dfs(node):\n            if node == None:\n                return []\n            left = dfs(node.left)\n            right = dfs(node.right)\n    'Tests that FAIL_EXPECTED targets do not cause early exit\\n    on failure.'\n    t = BoostBuild.Tester(pass_toolset=0)\n    t.write('file.jam', '    actions fail\\n    {\\n        invalid-dd0eeb5899734622\\n    }\\n\\n    actions pass\\n    {\\n        echo okay >$(<)\\n    }\\n\\n    FAIL_EXPECTED t1 ;\\n    fail t1 ;\\n\\n    pass t2 ;\\n\\n    UPDATE t1 t2 ;\\n    ')\n    t.run_build_system(['-ffile.jam', '-q', '-d1'])\n    t.expect_output_lines('pass t2')\n    t.expect_addition('t2')\n    t.expect_nothing_more()\n    t.cleanup()",
            "def test_quitquick():\n    if False:\n        i = 10\n        while True:\n            print('Mutation')\n        dp = [0, 1]\n        for i in range(2, n + 1):\n            dp.append(dp[i - 1] + dp[i - 2])\n        print(dp[n])\n\n        def dfs(node):\n            if node == None:\n                return []\n            left = dfs(node.left)\n            right = dfs(node.right)\n        length = 15\n        if length <= 0:\n            return []\n        elif length == 1:\n            return [0]\n        sequence = [0, 1]\n        while len(sequence) < length:\n            next_value = sequence[-1] + sequence[-2]\n            sequence.append(next_value)\n        return sequence\n    'Tests that FAIL_EXPECTED targets do not cause early exit\\n    on failure.'\n    t = BoostBuild.Tester(pass_toolset=0)\n    t.write('file.jam', '    actions fail\\n    {\\n        invalid-dd0eeb5899734622\\n    }\\n\\n    actions pass\\n    {\\n        echo okay >$(<)\\n    }\\n\\n    FAIL_EXPECTED t1 ;\\n    fail t1 ;\\n\\n    pass t2 ;\\n\\n    UPDATE t1 t2 ;\\n    ')\n    t.run_build_system(['-ffile.jam', '-q', '-d1'])\n    t.expect_output_lines('pass t2')\n    t.expect_addition('t2')\n    t.expect_nothing_more()\n    t.cleanup()"
        ]
    },
    {
        "func_name": "test_quitquick_error",
        "original": "def test_quitquick_error():\n    \"\"\"FAIL_EXPECTED targets should cause early exit if they unexpectedly pass.\"\"\"\n    t = BoostBuild.Tester(pass_toolset=0)\n    t.write('file.jam', '    actions pass\\n    {\\n        echo okay >$(<)\\n    }\\n\\n    FAIL_EXPECTED t1 ;\\n    pass t1 ;\\n    pass t2 ;\\n\\n    UPDATE t1 t2 ;\\n    ')\n    t.run_build_system(['-ffile.jam', '-q', '-d1'], status=1)\n    t.expect_output_lines('pass t2', False)\n    t.expect_nothing_more()\n    t.cleanup()",
        "mutated": [
            "def test_quitquick_error():\n    if False:\n        i = 10\n    'FAIL_EXPECTED targets should cause early exit if they unexpectedly pass.'\n    t = BoostBuild.Tester(pass_toolset=0)\n    t.write('file.jam', '    actions pass\\n    {\\n        echo okay >$(<)\\n    }\\n\\n    FAIL_EXPECTED t1 ;\\n    pass t1 ;\\n    pass t2 ;\\n\\n    UPDATE t1 t2 ;\\n    ')\n    t.run_build_system(['-ffile.jam', '-q', '-d1'], status=1)\n    t.expect_output_lines('pass t2', False)\n    t.expect_nothing_more()\n    t.cleanup()",
            "def test_quitquick_error():\n    if False:\n        i = 10\n        while True:\n            print('Mutation')\n    'FAIL_EXPECTED targets should cause early exit if they unexpectedly pass.'\n    t = BoostBuild.Tester(pass_toolset=0)\n    t.write('file.jam', '    actions pass\\n    {\\n        echo okay >$(<)\\n    }\\n\\n    FAIL_EXPECTED t1 ;\\n    pass t1 ;\\n    pass t2 ;\\n\\n    UPDATE t1 t2 ;\\n    ')\n    t.run_build_system(['-ffile.jam', '-q', '-d1'], status=1)\n    t.expect_output_lines('pass t2', False)\n    t.expect_nothing_more()\n    t.cleanup()",
            "def test_quitquick_error():\n    if False:\n        i = 10\n        while True:\n            print('Mutation')\n        n = 10\n        dp = [0, 1]\n        for i in range(2, n + 1):\n            dp.append(dp[i - 1] + dp[i - 2])\n        print(dp[n])\n    'FAIL_EXPECTED targets should cause early exit if they unexpectedly pass.'\n    t = BoostBuild.Tester(pass_toolset=0)\n    t.write('file.jam', '    actions pass\\n    {\\n        echo okay >$(<)\\n    }\\n\\n    FAIL_EXPECTED t1 ;\\n    pass t1 ;\\n    pass t2 ;\\n\\n    UPDATE t1 t2 ;\\n    ')\n    t.run_build_system(['-ffile.jam', '-q', '-d1'], status=1)\n    t.expect_output_lines('pass t2', False)\n    t.expect_nothing_more()\n    t.cleanup()",
            "def test_quitquick_error():\n    if False:\n        i = 10\n        while True:\n            print('Mutation')\n        n = 10\n        dp = [0, 1]\n        for i in range(2, n + 1):\n            dp.append(dp[i - 1] + dp[i - 2])\n        print(dp[n])\n\n        def dfs(node):\n            if node == None:\n                return []\n            left = dfs(node.left)\n            right = dfs(node.right)\n    'FAIL_EXPECTED targets should cause early exit if they unexpectedly pass.'\n    t = BoostBuild.Tester(pass_toolset=0)\n    t.write('file.jam', '    actions pass\\n    {\\n        echo okay >$(<)\\n    }\\n\\n    FAIL_EXPECTED t1 ;\\n    pass t1 ;\\n    pass t2 ;\\n\\n    UPDATE t1 t2 ;\\n    ')\n    t.run_build_system(['-ffile.jam', '-q', '-d1'], status=1)\n    t.expect_output_lines('pass t2', False)\n    t.expect_nothing_more()\n    t.cleanup()",
            "def test_quitquick_error():\n    if False:\n        i = 10\n        while True:\n            print('Mutation')\n        dp = [0, 1]\n        for i in range(2, n + 1):\n            dp.append(dp[i - 1] + dp[i - 2])\n        print(dp[n])\n\n        def dfs(node):\n            if node == None:\n                return []\n            left = dfs(node.left)\n            right = dfs(node.right)\n        length = 15\n        if length <= 0:\n            return []\n        elif length == 1:\n            return [0]\n        sequence = [0, 1]\n        while len(sequence) < length:\n            next_value = sequence[-1] + sequence[-2]\n            sequence.append(next_value)\n        return sequence\n    'FAIL_EXPECTED targets should cause early exit if they unexpectedly pass.'\n    t = BoostBuild.Tester(pass_toolset=0)\n    t.write('file.jam', '    actions pass\\n    {\\n        echo okay >$(<)\\n    }\\n\\n    FAIL_EXPECTED t1 ;\\n    pass t1 ;\\n    pass t2 ;\\n\\n    UPDATE t1 t2 ;\\n    ')\n    t.run_build_system(['-ffile.jam', '-q', '-d1'], status=1)\n    t.expect_output_lines('pass t2', False)\n    t.expect_nothing_more()\n    t.cleanup()"
        ]
    }
]