[
    {
        "func_name": "query_job_sha",
        "original": "def query_job_sha(repo, sha):\n    params = {'parameters': [{'name': 'sha', 'type': 'string', 'value': sha}, {'name': 'repo', 'type': 'string', 'value': repo}]}\n    r = requests.post(url=ARTIFACTS_QUERY_URL, json=params)\n    data = r.json()\n    return data['results']",
        "mutated": [
            "def query_job_sha(repo, sha):\n    if False:\n        i = 10\n    params = {'parameters': [{'name': 'sha', 'type': 'string', 'value': sha}, {'name': 'repo', 'type': 'string', 'value': repo}]}\n    r = requests.post(url=ARTIFACTS_QUERY_URL, json=params)\n    data = r.json()\n    return data['results']",
            "def query_job_sha(repo, sha):\n    if False:\n        i = 10\n        while True:\n            print('Mutation')\n    params = {'parameters': [{'name': 'sha', 'type': 'string', 'value': sha}, {'name': 'repo', 'type': 'string', 'value': repo}]}\n    r = requests.post(url=ARTIFACTS_QUERY_URL, json=params)\n    data = r.json()\n    return data['results']",
            "def query_job_sha(repo, sha):\n    if False:\n        i = 10\n        while True:\n            print('Mutation')\n        n = 10\n        dp = [0, 1]\n        for i in range(2, n + 1):\n            dp.append(dp[i - 1] + dp[i - 2])\n        print(dp[n])\n    params = {'parameters': [{'name': 'sha', 'type': 'string', 'value': sha}, {'name': 'repo', 'type': 'string', 'value': repo}]}\n    r = requests.post(url=ARTIFACTS_QUERY_URL, json=params)\n    data = r.json()\n    return data['results']",
            "def query_job_sha(repo, sha):\n    if False:\n        i = 10\n        while True:\n            print('Mutation')\n        n = 10\n        dp = [0, 1]\n        for i in range(2, n + 1):\n            dp.append(dp[i - 1] + dp[i - 2])\n        print(dp[n])\n\n        def dfs(node):\n            if node == None:\n                return []\n            left = dfs(node.left)\n            right = dfs(node.right)\n    params = {'parameters': [{'name': 'sha', 'type': 'string', 'value': sha}, {'name': 'repo', 'type': 'string', 'value': repo}]}\n    r = requests.post(url=ARTIFACTS_QUERY_URL, json=params)\n    data = r.json()\n    return data['results']",
            "def query_job_sha(repo, sha):\n    if False:\n        i = 10\n        while True:\n            print('Mutation')\n        dp = [0, 1]\n        for i in range(2, n + 1):\n            dp.append(dp[i - 1] + dp[i - 2])\n        print(dp[n])\n\n        def dfs(node):\n            if node == None:\n                return []\n            left = dfs(node.left)\n            right = dfs(node.right)\n        length = 15\n        if length <= 0:\n            return []\n        elif length == 1:\n            return [0]\n        sequence = [0, 1]\n        while len(sequence) < length:\n            next_value = sequence[-1] + sequence[-2]\n            sequence.append(next_value)\n        return sequence\n    params = {'parameters': [{'name': 'sha', 'type': 'string', 'value': sha}, {'name': 'repo', 'type': 'string', 'value': repo}]}\n    r = requests.post(url=ARTIFACTS_QUERY_URL, json=params)\n    data = r.json()\n    return data['results']"
        ]
    },
    {
        "func_name": "parse_job_name",
        "original": "def parse_job_name(job_str):\n    return (part.strip() for part in job_str.split('/'))",
        "mutated": [
            "def parse_job_name(job_str):\n    if False:\n        i = 10\n    return (part.strip() for part in job_str.split('/'))",
            "def parse_job_name(job_str):\n    if False:\n        i = 10\n        while True:\n            print('Mutation')\n    return (part.strip() for part in job_str.split('/'))",
            "def parse_job_name(job_str):\n    if False:\n        i = 10\n        while True:\n            print('Mutation')\n        n = 10\n        dp = [0, 1]\n        for i in range(2, n + 1):\n            dp.append(dp[i - 1] + dp[i - 2])\n        print(dp[n])\n    return (part.strip() for part in job_str.split('/'))",
            "def parse_job_name(job_str):\n    if False:\n        i = 10\n        while True:\n            print('Mutation')\n        n = 10\n        dp = [0, 1]\n        for i in range(2, n + 1):\n            dp.append(dp[i - 1] + dp[i - 2])\n        print(dp[n])\n\n        def dfs(node):\n            if node == None:\n                return []\n            left = dfs(node.left)\n            right = dfs(node.right)\n    return (part.strip() for part in job_str.split('/'))",
            "def parse_job_name(job_str):\n    if False:\n        i = 10\n        while True:\n            print('Mutation')\n        dp = [0, 1]\n        for i in range(2, n + 1):\n            dp.append(dp[i - 1] + dp[i - 2])\n        print(dp[n])\n\n        def dfs(node):\n            if node == None:\n                return []\n            left = dfs(node.left)\n            right = dfs(node.right)\n        length = 15\n        if length <= 0:\n            return []\n        elif length == 1:\n            return [0]\n        sequence = [0, 1]\n        while len(sequence) < length:\n            next_value = sequence[-1] + sequence[-2]\n            sequence.append(next_value)\n        return sequence\n    return (part.strip() for part in job_str.split('/'))"
        ]
    },
    {
        "func_name": "parse_test_str",
        "original": "def parse_test_str(test_str):\n    return (part.strip() for part in test_str[6:].strip(')').split(','))",
        "mutated": [
            "def parse_test_str(test_str):\n    if False:\n        i = 10\n    return (part.strip() for part in test_str[6:].strip(')').split(','))",
            "def parse_test_str(test_str):\n    if False:\n        i = 10\n        while True:\n            print('Mutation')\n    return (part.strip() for part in test_str[6:].strip(')').split(','))",
            "def parse_test_str(test_str):\n    if False:\n        i = 10\n        while True:\n            print('Mutation')\n        n = 10\n        dp = [0, 1]\n        for i in range(2, n + 1):\n            dp.append(dp[i - 1] + dp[i - 2])\n        print(dp[n])\n    return (part.strip() for part in test_str[6:].strip(')').split(','))",
            "def parse_test_str(test_str):\n    if False:\n        i = 10\n        while True:\n            print('Mutation')\n        n = 10\n        dp = [0, 1]\n        for i in range(2, n + 1):\n            dp.append(dp[i - 1] + dp[i - 2])\n        print(dp[n])\n\n        def dfs(node):\n            if node == None:\n                return []\n            left = dfs(node.left)\n            right = dfs(node.right)\n    return (part.strip() for part in test_str[6:].strip(')').split(','))",
            "def parse_test_str(test_str):\n    if False:\n        i = 10\n        while True:\n            print('Mutation')\n        dp = [0, 1]\n        for i in range(2, n + 1):\n            dp.append(dp[i - 1] + dp[i - 2])\n        print(dp[n])\n\n        def dfs(node):\n            if node == None:\n                return []\n            left = dfs(node.left)\n            right = dfs(node.right)\n        length = 15\n        if length <= 0:\n            return []\n        elif length == 1:\n            return [0]\n        sequence = [0, 1]\n        while len(sequence) < length:\n            next_value = sequence[-1] + sequence[-2]\n            sequence.append(next_value)\n        return sequence\n    return (part.strip() for part in test_str[6:].strip(')').split(','))"
        ]
    },
    {
        "func_name": "get_artifacts_urls",
        "original": "def get_artifacts_urls(results, suites):\n    urls = {}\n    for r in results:\n        if 'inductor' == r['workflowName'] and 'test' in r['jobName']:\n            (config_str, test_str) = parse_job_name(r['jobName'])\n            (suite, shard_id, num_shards, machine, *_) = parse_test_str(test_str)\n            workflowId = r['workflowId']\n            id = r['id']\n            runAttempt = r['runAttempt']\n            if suite in suites:\n                artifact_filename = f'test-reports-test-{suite}-{shard_id}-{num_shards}-{machine}_{id}.zip'\n                s3_url = f'{S3_BASE_URL}/{repo}/{workflowId}/{runAttempt}/artifact/{artifact_filename}'\n                urls[suite, int(shard_id)] = s3_url\n                print(f'{suite} {shard_id}, {num_shards}: {s3_url}')\n    return urls",
        "mutated": [
            "def get_artifacts_urls(results, suites):\n    if False:\n        i = 10\n    urls = {}\n    for r in results:\n        if 'inductor' == r['workflowName'] and 'test' in r['jobName']:\n            (config_str, test_str) = parse_job_name(r['jobName'])\n            (suite, shard_id, num_shards, machine, *_) = parse_test_str(test_str)\n            workflowId = r['workflowId']\n            id = r['id']\n            runAttempt = r['runAttempt']\n            if suite in suites:\n                artifact_filename = f'test-reports-test-{suite}-{shard_id}-{num_shards}-{machine}_{id}.zip'\n                s3_url = f'{S3_BASE_URL}/{repo}/{workflowId}/{runAttempt}/artifact/{artifact_filename}'\n                urls[suite, int(shard_id)] = s3_url\n                print(f'{suite} {shard_id}, {num_shards}: {s3_url}')\n    return urls",
            "def get_artifacts_urls(results, suites):\n    if False:\n        i = 10\n        while True:\n            print('Mutation')\n    urls = {}\n    for r in results:\n        if 'inductor' == r['workflowName'] and 'test' in r['jobName']:\n            (config_str, test_str) = parse_job_name(r['jobName'])\n            (suite, shard_id, num_shards, machine, *_) = parse_test_str(test_str)\n            workflowId = r['workflowId']\n            id = r['id']\n            runAttempt = r['runAttempt']\n            if suite in suites:\n                artifact_filename = f'test-reports-test-{suite}-{shard_id}-{num_shards}-{machine}_{id}.zip'\n                s3_url = f'{S3_BASE_URL}/{repo}/{workflowId}/{runAttempt}/artifact/{artifact_filename}'\n                urls[suite, int(shard_id)] = s3_url\n                print(f'{suite} {shard_id}, {num_shards}: {s3_url}')\n    return urls",
            "def get_artifacts_urls(results, suites):\n    if False:\n        i = 10\n        while True:\n            print('Mutation')\n        n = 10\n        dp = [0, 1]\n        for i in range(2, n + 1):\n            dp.append(dp[i - 1] + dp[i - 2])\n        print(dp[n])\n    urls = {}\n    for r in results:\n        if 'inductor' == r['workflowName'] and 'test' in r['jobName']:\n            (config_str, test_str) = parse_job_name(r['jobName'])\n            (suite, shard_id, num_shards, machine, *_) = parse_test_str(test_str)\n            workflowId = r['workflowId']\n            id = r['id']\n            runAttempt = r['runAttempt']\n            if suite in suites:\n                artifact_filename = f'test-reports-test-{suite}-{shard_id}-{num_shards}-{machine}_{id}.zip'\n                s3_url = f'{S3_BASE_URL}/{repo}/{workflowId}/{runAttempt}/artifact/{artifact_filename}'\n                urls[suite, int(shard_id)] = s3_url\n                print(f'{suite} {shard_id}, {num_shards}: {s3_url}')\n    return urls",
            "def get_artifacts_urls(results, suites):\n    if False:\n        i = 10\n        while True:\n            print('Mutation')\n        n = 10\n        dp = [0, 1]\n        for i in range(2, n + 1):\n            dp.append(dp[i - 1] + dp[i - 2])\n        print(dp[n])\n\n        def dfs(node):\n            if node == None:\n                return []\n            left = dfs(node.left)\n            right = dfs(node.right)\n    urls = {}\n    for r in results:\n        if 'inductor' == r['workflowName'] and 'test' in r['jobName']:\n            (config_str, test_str) = parse_job_name(r['jobName'])\n            (suite, shard_id, num_shards, machine, *_) = parse_test_str(test_str)\n            workflowId = r['workflowId']\n            id = r['id']\n            runAttempt = r['runAttempt']\n            if suite in suites:\n                artifact_filename = f'test-reports-test-{suite}-{shard_id}-{num_shards}-{machine}_{id}.zip'\n                s3_url = f'{S3_BASE_URL}/{repo}/{workflowId}/{runAttempt}/artifact/{artifact_filename}'\n                urls[suite, int(shard_id)] = s3_url\n                print(f'{suite} {shard_id}, {num_shards}: {s3_url}')\n    return urls",
            "def get_artifacts_urls(results, suites):\n    if False:\n        i = 10\n        while True:\n            print('Mutation')\n        dp = [0, 1]\n        for i in range(2, n + 1):\n            dp.append(dp[i - 1] + dp[i - 2])\n        print(dp[n])\n\n        def dfs(node):\n            if node == None:\n                return []\n            left = dfs(node.left)\n            right = dfs(node.right)\n        length = 15\n        if length <= 0:\n            return []\n        elif length == 1:\n            return [0]\n        sequence = [0, 1]\n        while len(sequence) < length:\n            next_value = sequence[-1] + sequence[-2]\n            sequence.append(next_value)\n        return sequence\n    urls = {}\n    for r in results:\n        if 'inductor' == r['workflowName'] and 'test' in r['jobName']:\n            (config_str, test_str) = parse_job_name(r['jobName'])\n            (suite, shard_id, num_shards, machine, *_) = parse_test_str(test_str)\n            workflowId = r['workflowId']\n            id = r['id']\n            runAttempt = r['runAttempt']\n            if suite in suites:\n                artifact_filename = f'test-reports-test-{suite}-{shard_id}-{num_shards}-{machine}_{id}.zip'\n                s3_url = f'{S3_BASE_URL}/{repo}/{workflowId}/{runAttempt}/artifact/{artifact_filename}'\n                urls[suite, int(shard_id)] = s3_url\n                print(f'{suite} {shard_id}, {num_shards}: {s3_url}')\n    return urls"
        ]
    },
    {
        "func_name": "normalize_suite_filename",
        "original": "def normalize_suite_filename(suite_name):\n    strs = suite_name.split('_')\n    subsuite = strs[2] if strs[0] == 'aot' else strs[1]\n    if 'timm' in subsuite:\n        subsuite = subsuite.replace('timm', 'timm_models')\n    return subsuite",
        "mutated": [
            "def normalize_suite_filename(suite_name):\n    if False:\n        i = 10\n    strs = suite_name.split('_')\n    subsuite = strs[2] if strs[0] == 'aot' else strs[1]\n    if 'timm' in subsuite:\n        subsuite = subsuite.replace('timm', 'timm_models')\n    return subsuite",
            "def normalize_suite_filename(suite_name):\n    if False:\n        i = 10\n        while True:\n            print('Mutation')\n    strs = suite_name.split('_')\n    subsuite = strs[2] if strs[0] == 'aot' else strs[1]\n    if 'timm' in subsuite:\n        subsuite = subsuite.replace('timm', 'timm_models')\n    return subsuite",
            "def normalize_suite_filename(suite_name):\n    if False:\n        i = 10\n        while True:\n            print('Mutation')\n        n = 10\n        dp = [0, 1]\n        for i in range(2, n + 1):\n            dp.append(dp[i - 1] + dp[i - 2])\n        print(dp[n])\n    strs = suite_name.split('_')\n    subsuite = strs[2] if strs[0] == 'aot' else strs[1]\n    if 'timm' in subsuite:\n        subsuite = subsuite.replace('timm', 'timm_models')\n    return subsuite",
            "def normalize_suite_filename(suite_name):\n    if False:\n        i = 10\n        while True:\n            print('Mutation')\n        n = 10\n        dp = [0, 1]\n        for i in range(2, n + 1):\n            dp.append(dp[i - 1] + dp[i - 2])\n        print(dp[n])\n\n        def dfs(node):\n            if node == None:\n                return []\n            left = dfs(node.left)\n            right = dfs(node.right)\n    strs = suite_name.split('_')\n    subsuite = strs[2] if strs[0] == 'aot' else strs[1]\n    if 'timm' in subsuite:\n        subsuite = subsuite.replace('timm', 'timm_models')\n    return subsuite",
            "def normalize_suite_filename(suite_name):\n    if False:\n        i = 10\n        while True:\n            print('Mutation')\n        dp = [0, 1]\n        for i in range(2, n + 1):\n            dp.append(dp[i - 1] + dp[i - 2])\n        print(dp[n])\n\n        def dfs(node):\n            if node == None:\n                return []\n            left = dfs(node.left)\n            right = dfs(node.right)\n        length = 15\n        if length <= 0:\n            return []\n        elif length == 1:\n            return [0]\n        sequence = [0, 1]\n        while len(sequence) < length:\n            next_value = sequence[-1] + sequence[-2]\n            sequence.append(next_value)\n        return sequence\n    strs = suite_name.split('_')\n    subsuite = strs[2] if strs[0] == 'aot' else strs[1]\n    if 'timm' in subsuite:\n        subsuite = subsuite.replace('timm', 'timm_models')\n    return subsuite"
        ]
    },
    {
        "func_name": "download_artifacts_and_extract_csvs",
        "original": "def download_artifacts_and_extract_csvs(urls):\n    dataframes = {}\n    for ((suite, shard), url) in urls.items():\n        try:\n            resp = urlopen(url)\n            subsuite = normalize_suite_filename(suite)\n            artifact = ZipFile(BytesIO(resp.read()))\n            for phase in ('training', 'inference'):\n                name = f'test/test-reports/{phase}_{subsuite}.csv'\n                try:\n                    df = pd.read_csv(artifact.open(name))\n                    df['graph_breaks'] = df['graph_breaks'].fillna(0).astype(int)\n                    prev_df = dataframes.get((suite, phase), None)\n                    dataframes[suite, phase] = pd.concat([prev_df, df]) if prev_df is not None else df\n                except KeyError:\n                    print(f'Warning: Unable to find {name} in artifacts file from {url}, continuing')\n        except urllib.error.HTTPError:\n            print(f\"Unable to download {url}, perhaps the CI job isn't finished?\")\n    return dataframes",
        "mutated": [
            "def download_artifacts_and_extract_csvs(urls):\n    if False:\n        i = 10\n    dataframes = {}\n    for ((suite, shard), url) in urls.items():\n        try:\n            resp = urlopen(url)\n            subsuite = normalize_suite_filename(suite)\n            artifact = ZipFile(BytesIO(resp.read()))\n            for phase in ('training', 'inference'):\n                name = f'test/test-reports/{phase}_{subsuite}.csv'\n                try:\n                    df = pd.read_csv(artifact.open(name))\n                    df['graph_breaks'] = df['graph_breaks'].fillna(0).astype(int)\n                    prev_df = dataframes.get((suite, phase), None)\n                    dataframes[suite, phase] = pd.concat([prev_df, df]) if prev_df is not None else df\n                except KeyError:\n                    print(f'Warning: Unable to find {name} in artifacts file from {url}, continuing')\n        except urllib.error.HTTPError:\n            print(f\"Unable to download {url}, perhaps the CI job isn't finished?\")\n    return dataframes",
            "def download_artifacts_and_extract_csvs(urls):\n    if False:\n        i = 10\n        while True:\n            print('Mutation')\n    dataframes = {}\n    for ((suite, shard), url) in urls.items():\n        try:\n            resp = urlopen(url)\n            subsuite = normalize_suite_filename(suite)\n            artifact = ZipFile(BytesIO(resp.read()))\n            for phase in ('training', 'inference'):\n                name = f'test/test-reports/{phase}_{subsuite}.csv'\n                try:\n                    df = pd.read_csv(artifact.open(name))\n                    df['graph_breaks'] = df['graph_breaks'].fillna(0).astype(int)\n                    prev_df = dataframes.get((suite, phase), None)\n                    dataframes[suite, phase] = pd.concat([prev_df, df]) if prev_df is not None else df\n                except KeyError:\n                    print(f'Warning: Unable to find {name} in artifacts file from {url}, continuing')\n        except urllib.error.HTTPError:\n            print(f\"Unable to download {url}, perhaps the CI job isn't finished?\")\n    return dataframes",
            "def download_artifacts_and_extract_csvs(urls):\n    if False:\n        i = 10\n        while True:\n            print('Mutation')\n        n = 10\n        dp = [0, 1]\n        for i in range(2, n + 1):\n            dp.append(dp[i - 1] + dp[i - 2])\n        print(dp[n])\n    dataframes = {}\n    for ((suite, shard), url) in urls.items():\n        try:\n            resp = urlopen(url)\n            subsuite = normalize_suite_filename(suite)\n            artifact = ZipFile(BytesIO(resp.read()))\n            for phase in ('training', 'inference'):\n                name = f'test/test-reports/{phase}_{subsuite}.csv'\n                try:\n                    df = pd.read_csv(artifact.open(name))\n                    df['graph_breaks'] = df['graph_breaks'].fillna(0).astype(int)\n                    prev_df = dataframes.get((suite, phase), None)\n                    dataframes[suite, phase] = pd.concat([prev_df, df]) if prev_df is not None else df\n                except KeyError:\n                    print(f'Warning: Unable to find {name} in artifacts file from {url}, continuing')\n        except urllib.error.HTTPError:\n            print(f\"Unable to download {url}, perhaps the CI job isn't finished?\")\n    return dataframes",
            "def download_artifacts_and_extract_csvs(urls):\n    if False:\n        i = 10\n        while True:\n            print('Mutation')\n        n = 10\n        dp = [0, 1]\n        for i in range(2, n + 1):\n            dp.append(dp[i - 1] + dp[i - 2])\n        print(dp[n])\n\n        def dfs(node):\n            if node == None:\n                return []\n            left = dfs(node.left)\n            right = dfs(node.right)\n    dataframes = {}\n    for ((suite, shard), url) in urls.items():\n        try:\n            resp = urlopen(url)\n            subsuite = normalize_suite_filename(suite)\n            artifact = ZipFile(BytesIO(resp.read()))\n            for phase in ('training', 'inference'):\n                name = f'test/test-reports/{phase}_{subsuite}.csv'\n                try:\n                    df = pd.read_csv(artifact.open(name))\n                    df['graph_breaks'] = df['graph_breaks'].fillna(0).astype(int)\n                    prev_df = dataframes.get((suite, phase), None)\n                    dataframes[suite, phase] = pd.concat([prev_df, df]) if prev_df is not None else df\n                except KeyError:\n                    print(f'Warning: Unable to find {name} in artifacts file from {url}, continuing')\n        except urllib.error.HTTPError:\n            print(f\"Unable to download {url}, perhaps the CI job isn't finished?\")\n    return dataframes",
            "def download_artifacts_and_extract_csvs(urls):\n    if False:\n        i = 10\n        while True:\n            print('Mutation')\n        dp = [0, 1]\n        for i in range(2, n + 1):\n            dp.append(dp[i - 1] + dp[i - 2])\n        print(dp[n])\n\n        def dfs(node):\n            if node == None:\n                return []\n            left = dfs(node.left)\n            right = dfs(node.right)\n        length = 15\n        if length <= 0:\n            return []\n        elif length == 1:\n            return [0]\n        sequence = [0, 1]\n        while len(sequence) < length:\n            next_value = sequence[-1] + sequence[-2]\n            sequence.append(next_value)\n        return sequence\n    dataframes = {}\n    for ((suite, shard), url) in urls.items():\n        try:\n            resp = urlopen(url)\n            subsuite = normalize_suite_filename(suite)\n            artifact = ZipFile(BytesIO(resp.read()))\n            for phase in ('training', 'inference'):\n                name = f'test/test-reports/{phase}_{subsuite}.csv'\n                try:\n                    df = pd.read_csv(artifact.open(name))\n                    df['graph_breaks'] = df['graph_breaks'].fillna(0).astype(int)\n                    prev_df = dataframes.get((suite, phase), None)\n                    dataframes[suite, phase] = pd.concat([prev_df, df]) if prev_df is not None else df\n                except KeyError:\n                    print(f'Warning: Unable to find {name} in artifacts file from {url}, continuing')\n        except urllib.error.HTTPError:\n            print(f\"Unable to download {url}, perhaps the CI job isn't finished?\")\n    return dataframes"
        ]
    },
    {
        "func_name": "write_filtered_csvs",
        "original": "def write_filtered_csvs(root_path, dataframes):\n    for ((suite, phase), df) in dataframes.items():\n        out_fn = os.path.join(root_path, f'{suite}_{phase}.csv')\n        df.to_csv(out_fn, index=False, columns=['name', 'accuracy', 'graph_breaks'])\n        apply_lints(out_fn)",
        "mutated": [
            "def write_filtered_csvs(root_path, dataframes):\n    if False:\n        i = 10\n    for ((suite, phase), df) in dataframes.items():\n        out_fn = os.path.join(root_path, f'{suite}_{phase}.csv')\n        df.to_csv(out_fn, index=False, columns=['name', 'accuracy', 'graph_breaks'])\n        apply_lints(out_fn)",
            "def write_filtered_csvs(root_path, dataframes):\n    if False:\n        i = 10\n        while True:\n            print('Mutation')\n    for ((suite, phase), df) in dataframes.items():\n        out_fn = os.path.join(root_path, f'{suite}_{phase}.csv')\n        df.to_csv(out_fn, index=False, columns=['name', 'accuracy', 'graph_breaks'])\n        apply_lints(out_fn)",
            "def write_filtered_csvs(root_path, dataframes):\n    if False:\n        i = 10\n        while True:\n            print('Mutation')\n        n = 10\n        dp = [0, 1]\n        for i in range(2, n + 1):\n            dp.append(dp[i - 1] + dp[i - 2])\n        print(dp[n])\n    for ((suite, phase), df) in dataframes.items():\n        out_fn = os.path.join(root_path, f'{suite}_{phase}.csv')\n        df.to_csv(out_fn, index=False, columns=['name', 'accuracy', 'graph_breaks'])\n        apply_lints(out_fn)",
            "def write_filtered_csvs(root_path, dataframes):\n    if False:\n        i = 10\n        while True:\n            print('Mutation')\n        n = 10\n        dp = [0, 1]\n        for i in range(2, n + 1):\n            dp.append(dp[i - 1] + dp[i - 2])\n        print(dp[n])\n\n        def dfs(node):\n            if node == None:\n                return []\n            left = dfs(node.left)\n            right = dfs(node.right)\n    for ((suite, phase), df) in dataframes.items():\n        out_fn = os.path.join(root_path, f'{suite}_{phase}.csv')\n        df.to_csv(out_fn, index=False, columns=['name', 'accuracy', 'graph_breaks'])\n        apply_lints(out_fn)",
            "def write_filtered_csvs(root_path, dataframes):\n    if False:\n        i = 10\n        while True:\n            print('Mutation')\n        dp = [0, 1]\n        for i in range(2, n + 1):\n            dp.append(dp[i - 1] + dp[i - 2])\n        print(dp[n])\n\n        def dfs(node):\n            if node == None:\n                return []\n            left = dfs(node.left)\n            right = dfs(node.right)\n        length = 15\n        if length <= 0:\n            return []\n        elif length == 1:\n            return [0]\n        sequence = [0, 1]\n        while len(sequence) < length:\n            next_value = sequence[-1] + sequence[-2]\n            sequence.append(next_value)\n        return sequence\n    for ((suite, phase), df) in dataframes.items():\n        out_fn = os.path.join(root_path, f'{suite}_{phase}.csv')\n        df.to_csv(out_fn, index=False, columns=['name', 'accuracy', 'graph_breaks'])\n        apply_lints(out_fn)"
        ]
    },
    {
        "func_name": "apply_lints",
        "original": "def apply_lints(filename):\n    patch = json.loads(subprocess.check_output([sys.executable, CSV_LINTER, filename]))\n    if patch.get('replacement'):\n        with open(filename) as fd:\n            data = fd.read().replace(patch['original'], patch['replacement'])\n        with open(filename, 'w') as fd:\n            fd.write(data)",
        "mutated": [
            "def apply_lints(filename):\n    if False:\n        i = 10\n    patch = json.loads(subprocess.check_output([sys.executable, CSV_LINTER, filename]))\n    if patch.get('replacement'):\n        with open(filename) as fd:\n            data = fd.read().replace(patch['original'], patch['replacement'])\n        with open(filename, 'w') as fd:\n            fd.write(data)",
            "def apply_lints(filename):\n    if False:\n        i = 10\n        while True:\n            print('Mutation')\n    patch = json.loads(subprocess.check_output([sys.executable, CSV_LINTER, filename]))\n    if patch.get('replacement'):\n        with open(filename) as fd:\n            data = fd.read().replace(patch['original'], patch['replacement'])\n        with open(filename, 'w') as fd:\n            fd.write(data)",
            "def apply_lints(filename):\n    if False:\n        i = 10\n        while True:\n            print('Mutation')\n        n = 10\n        dp = [0, 1]\n        for i in range(2, n + 1):\n            dp.append(dp[i - 1] + dp[i - 2])\n        print(dp[n])\n    patch = json.loads(subprocess.check_output([sys.executable, CSV_LINTER, filename]))\n    if patch.get('replacement'):\n        with open(filename) as fd:\n            data = fd.read().replace(patch['original'], patch['replacement'])\n        with open(filename, 'w') as fd:\n            fd.write(data)",
            "def apply_lints(filename):\n    if False:\n        i = 10\n        while True:\n            print('Mutation')\n        n = 10\n        dp = [0, 1]\n        for i in range(2, n + 1):\n            dp.append(dp[i - 1] + dp[i - 2])\n        print(dp[n])\n\n        def dfs(node):\n            if node == None:\n                return []\n            left = dfs(node.left)\n            right = dfs(node.right)\n    patch = json.loads(subprocess.check_output([sys.executable, CSV_LINTER, filename]))\n    if patch.get('replacement'):\n        with open(filename) as fd:\n            data = fd.read().replace(patch['original'], patch['replacement'])\n        with open(filename, 'w') as fd:\n            fd.write(data)",
            "def apply_lints(filename):\n    if False:\n        i = 10\n        while True:\n            print('Mutation')\n        dp = [0, 1]\n        for i in range(2, n + 1):\n            dp.append(dp[i - 1] + dp[i - 2])\n        print(dp[n])\n\n        def dfs(node):\n            if node == None:\n                return []\n            left = dfs(node.left)\n            right = dfs(node.right)\n        length = 15\n        if length <= 0:\n            return []\n        elif length == 1:\n            return [0]\n        sequence = [0, 1]\n        while len(sequence) < length:\n            next_value = sequence[-1] + sequence[-2]\n            sequence.append(next_value)\n        return sequence\n    patch = json.loads(subprocess.check_output([sys.executable, CSV_LINTER, filename]))\n    if patch.get('replacement'):\n        with open(filename) as fd:\n            data = fd.read().replace(patch['original'], patch['replacement'])\n        with open(filename, 'w') as fd:\n            fd.write(data)"
        ]
    }
]